===== Bienvenido a New York-Clima =====
Éxito: Datos guardados a las 2026-07-14 10:00:04
===== Bienvenido a New York-Clima =====
Éxito: Datos guardados a las 2026-07-14 10:15:04
===== Bienvenido a New York-Clima =====
Éxito: Datos guardados a las 2026-07-14 10:30:05
===== Bienvenido a New York-Clima =====
Éxito: Datos guardados a las 2026-07-14 10:45:04
===== Bienvenido a New York-Clima =====
Éxito: Datos guardados a las 2026-07-14 11:00:03
===== Bienvenido a New York-Clima =====
Éxito: Datos guardados a las 2026-07-14 11:15:03
===== Bienvenido a New York-Clima =====
Éxito: Datos guardados a las 2026-07-14 11:30:03
===== Bienvenido a New York-Clima =====
Éxito: Datos guardados a las 2026-07-14 11:45:04
===== Bienvenido a New York-Clima =====
Éxito: Datos guardados a las 2026-07-14 12:00:03
===== Bienvenido a New York-Clima =====
Éxito: Datos guardados a las 2026-07-14 12:15:02
===== Bienvenido a New York-Clima =====
Éxito: Datos guardados a las 2026-07-14 12:30:03
===== Bienvenido a New York-Clima =====
Éxito: Datos guardados a las 2026-07-14 12:45:03
===== Bienvenido a New York-Clima =====
Éxito: Datos guardados a las 2026-07-14 13:00:04
===== Bienvenido a New York-Clima =====
Éxito: Datos guardados a las 2026-07-14 13:15:03
===== Bienvenido a New York-Clima =====
Éxito: Datos guardados a las 2026-07-14 13:30:03
===== Bienvenido a New York-Clima =====
Éxito: Datos guardados a las 2026-07-14 13:45:02
===== Bienvenido a New York-Clima =====
Éxito: Datos guardados a las 2026-07-14 14:00:04
===== Bienvenido a New York-Clima =====
Éxito: Datos guardados a las 2026-07-14 17:15:07
===== Bienvenido a New York-Clima =====
Éxito: Datos guardados a las 2026-07-14 17:30:08
===== Bienvenido a New York-Clima =====
Éxito: Datos guardados a las 2026-07-14 17:45:06
===== Bienvenido a New York-Clima =====
Éxito: Datos guardados a las 2026-07-14 18:00:06
===== Bienvenido a New York-Clima =====
Éxito: Datos guardados a las 2026-07-14 18:15:05
===== Bienvenido a New York-Clima =====
Éxito: Datos guardados a las 2026-07-14 18:30:03
===== Bienvenido a New York-Clima =====
Éxito: Datos guardados a las 2026-07-14 18:45:02
===== Bienvenido a New York-Clima =====
Éxito: Datos guardados a las 2026-07-14 19:00:04
===== Bienvenido a New York-Clima =====
Éxito: Datos guardados a las 2026-07-14 19:15:02
===== Bienvenido a New York-Clima =====
Éxito: Datos guardados a las 2026-07-14 19:30:02
===== Bienvenido a New York-Clima =====
Éxito: Datos guardados a las 2026-07-14 19:45:02
===== Bienvenido a New York-Clima =====
Éxito: Datos guardados a las 2026-07-14 20:00:02
===== Bienvenido a New York-Clima =====
Éxito: Datos guardados a las 2026-07-14 20:15:07
===== Bienvenido a New York-Clima =====
Éxito: Datos guardados a las 2026-07-14 20:30:07
===== Bienvenido a New York-Clima =====
Éxito: Datos guardados a las 2026-07-14 20:45:04
===== Bienvenido a New York-Clima =====
Éxito: Datos guardados a las 2026-07-14 21:00:03
===== Bienvenido a New York-Clima =====
Éxito: Datos guardados a las 2026-07-14 21:15:01
===== Bienvenido a New York-Clima =====
Éxito: Datos guardados a las 2026-07-14 21:30:04
===== Bienvenido a New York-Clima =====
Éxito: Datos guardados a las 2026-07-14 21:45:05
===== Bienvenido a New York-Clima =====
Éxito: Datos guardados a las 2026-07-14 22:00:03
===== Bienvenido a New York-Clima =====
Éxito: Datos guardados a las 2026-07-14 22:15:04
===== Bienvenido a New York-Clima =====
Éxito: Datos guardados a las 2026-07-14 22:30:03
===== Bienvenido a New York-Clima =====
Éxito: Datos guardados a las 2026-07-14 22:45:01
===== Bienvenido a New York-Clima =====
Éxito: Datos guardados a las 2026-07-14 23:00:03
===== Bienvenido a New York-Clima =====
Éxito: Datos guardados a las 2026-07-14 23:15:01
===== Bienvenido a New York-Clima =====
Éxito: Datos guardados a las 2026-07-14 23:30:03
===== Bienvenido a New York-Clima =====
Éxito: Datos guardados a las 2026-07-14 23:45:01
===== Bienvenido a New York-Clima =====
Éxito: Datos guardados a las 2026-07-15 00:00:03
===== Bienvenido a New York-Clima =====
Éxito: Datos guardados a las 2026-07-15 00:15:02
===== Bienvenido a New York-Clima =====
Éxito: Datos guardados a las 2026-07-15 11:15:05
===== Bienvenido a New York-Clima =====
Éxito: Datos guardados a las 2026-07-15 11:30:07
===== Bienvenido a New York-Clima =====
Éxito: Datos guardados a las 2026-07-15 11:45:07
===== Bienvenido a New York-Clima =====
Éxito: Datos guardados a las 2026-07-15 12:00:05
===== Bienvenido a New York-Clima =====
Éxito: Datos guardados a las 2026-07-15 12:15:04
===== Bienvenido a New York-Clima =====
Éxito: Datos guardados a las 2026-07-15 12:30:05
===== Bienvenido a New York-Clima =====
Éxito: Datos guardados a las 2026-07-15 12:45:05
===== Bienvenido a New York-Clima =====
Éxito: Datos guardados a las 2026-07-15 13:00:06
===== Bienvenido a New York-Clima =====
Éxito: Datos guardados a las 2026-07-15 15:45:03
===== Bienvenido a New York-Clima =====
Éxito: Datos guardados a las 2026-07-15 16:00:04
===== Bienvenido a New York-Clima =====
Éxito: Datos guardados a las 2026-07-15 16:15:02
===== Bienvenido a New York-Clima =====
Éxito: Datos guardados a las 2026-07-15 16:30:02
===== Bienvenido a New York-Clima =====
Éxito: Datos guardados a las 2026-07-15 16:45:05
===== Bienvenido a New York-Clima =====
Éxito: Datos guardados a las 2026-07-15 17:00:03
===== Bienvenido a New York-Clima =====
Éxito: Datos guardados a las 2026-07-15 17:15:04
===== Bienvenido a New York-Clima =====
Éxito: Datos guardados a las 2026-07-15 17:30:03
/home/evanmh-epn/Arquitectura-/ProyectoNewYork/get-weather.sh: line 5: x: command not found
===== Bienvenido a New York-Clima =====
Traceback (most recent call last):
  File "/home/evanmh-epn/Arquitectura-/ProyectoNewYork/main.py", line 56, in <module>
    main()
    ~~~~^^
  File "/home/evanmh-epn/Arquitectura-/ProyectoNewYork/main.py", line 50, in main
    write2csv(datos_procesados, FILE_NAME)
    ~~~~~~~~~^^^^^^^^^^^^^^^^^^^^^^^^^^^^^
  File "/home/evanmh-epn/Arquitectura-/ProyectoNewYork/main.py", line 38, in write2csv
    with open(csv_filename, mode='a', newline='') as file:
         ~~~~^^^^^^^^^^^^^^^^^^^^^^^^^^^^^^^^^^^^
FileNotFoundError: [Errno 2] No such file or directory: '/home/eareal/Arquitectura-/ProyectoNewYork/clima-newyork-hoy.csv'
/home/evanmh-epn/Arquitectura-/ProyectoNewYork/get-weather.sh: line 5: x: command not found
===== Bienvenido a New York-Clima =====
Traceback (most recent call last):
  File "/home/evanmh-epn/Arquitectura-/ProyectoNewYork/main.py", line 56, in <module>
    main()
    ~~~~^^
  File "/home/evanmh-epn/Arquitectura-/ProyectoNewYork/main.py", line 50, in main
    write2csv(datos_procesados, FILE_NAME)
    ~~~~~~~~~^^^^^^^^^^^^^^^^^^^^^^^^^^^^^
  File "/home/evanmh-epn/Arquitectura-/ProyectoNewYork/main.py", line 38, in write2csv
    with open(csv_filename, mode='a', newline='') as file:
         ~~~~^^^^^^^^^^^^^^^^^^^^^^^^^^^^^^^^^^^^
FileNotFoundError: [Errno 2] No such file or directory: '/home/eareal/Arquitectura-/ProyectoNewYork/clima-newyork-hoy.csv'
/home/evanmh-epn/Arquitectura-/ProyectoNewYork/get-weather.sh: line 5: x: command not found
===== Bienvenido a New York-Clima =====
Traceback (most recent call last):
  File "/home/evanmh-epn/Arquitectura-/ProyectoNewYork/main.py", line 56, in <module>
    main()
    ~~~~^^
  File "/home/evanmh-epn/Arquitectura-/ProyectoNewYork/main.py", line 50, in main
    write2csv(datos_procesados, FILE_NAME)
    ~~~~~~~~~^^^^^^^^^^^^^^^^^^^^^^^^^^^^^
  File "/home/evanmh-epn/Arquitectura-/ProyectoNewYork/main.py", line 38, in write2csv
    with open(csv_filename, mode='a', newline='') as file:
         ~~~~^^^^^^^^^^^^^^^^^^^^^^^^^^^^^^^^^^^^
FileNotFoundError: [Errno 2] No such file or directory: '/home/eareal/Arquitectura-/ProyectoNewYork/clima-newyork-hoy.csv'
/home/evanmh-epn/Arquitectura-/ProyectoNewYork/get-weather.sh: line 5: x: command not found
===== Bienvenido a New York-Clima =====
Traceback (most recent call last):
  File "/home/evanmh-epn/Arquitectura-/ProyectoNewYork/main.py", line 56, in <module>
    main()
    ~~~~^^
  File "/home/evanmh-epn/Arquitectura-/ProyectoNewYork/main.py", line 50, in main
    write2csv(datos_procesados, FILE_NAME)
    ~~~~~~~~~^^^^^^^^^^^^^^^^^^^^^^^^^^^^^
  File "/home/evanmh-epn/Arquitectura-/ProyectoNewYork/main.py", line 38, in write2csv
    with open(csv_filename, mode='a', newline='') as file:
         ~~~~^^^^^^^^^^^^^^^^^^^^^^^^^^^^^^^^^^^^
FileNotFoundError: [Errno 2] No such file or directory: '/home/eareal/Arquitectura-/ProyectoNewYork/clima-newyork-hoy.csv'
/home/evanmh-epn/Arquitectura-/ProyectoNewYork/get-weather.sh: line 5: x: command not found
===== Bienvenido a New York-Clima =====
Traceback (most recent call last):
  File "/home/evanmh-epn/Arquitectura-/ProyectoNewYork/main.py", line 56, in <module>
    main()
    ~~~~^^
  File "/home/evanmh-epn/Arquitectura-/ProyectoNewYork/main.py", line 50, in main
    write2csv(datos_procesados, FILE_NAME)
    ~~~~~~~~~^^^^^^^^^^^^^^^^^^^^^^^^^^^^^
  File "/home/evanmh-epn/Arquitectura-/ProyectoNewYork/main.py", line 38, in write2csv
    with open(csv_filename, mode='a', newline='') as file:
         ~~~~^^^^^^^^^^^^^^^^^^^^^^^^^^^^^^^^^^^^
FileNotFoundError: [Errno 2] No such file or directory: '/home/eareal/Arquitectura-/ProyectoNewYork/clima-newyork-hoy.csv'
/home/evanmh-epn/Arquitectura-/ProyectoNewYork/get-weather.sh: line 5: x: command not found
===== Bienvenido a New York-Clima =====
Traceback (most recent call last):
  File "/home/evanmh-epn/Arquitectura-/ProyectoNewYork/main.py", line 56, in <module>
    main()
    ~~~~^^
  File "/home/evanmh-epn/Arquitectura-/ProyectoNewYork/main.py", line 50, in main
    write2csv(datos_procesados, FILE_NAME)
    ~~~~~~~~~^^^^^^^^^^^^^^^^^^^^^^^^^^^^^
  File "/home/evanmh-epn/Arquitectura-/ProyectoNewYork/main.py", line 38, in write2csv
    with open(csv_filename, mode='a', newline='') as file:
         ~~~~^^^^^^^^^^^^^^^^^^^^^^^^^^^^^^^^^^^^
FileNotFoundError: [Errno 2] No such file or directory: '/home/eareal/Arquitectura-/ProyectoNewYork/clima-newyork-hoy.csv'
===== Bienvenido a New York-Clima =====
Éxito: Datos guardados a las 2026-07-16 23:15:03
===== Bienvenido a New York-Clima =====
Éxito: Datos guardados a las 2026-07-16 23:30:04
